// Jest Snapshot v1, https://goo.gl/fbAQLP

exports[`test TodoApp debe de mostrar correctamente <TodoApp/> 1`] = `
<div>
  <h1>
    Todo 
    <small>
      0
    </small>
  </h1>
  <hr />
  <div
    className="row"
  >
    <div
      className="col-7"
    >
      <TodoList
        handelDelete={[Function]}
        handelToggle={[Function]}
        todos={Array []}
      />
    </div>
    <div
      className="col-5"
    >
      <TodoAdd
        handelAddTodo={[Function]}
      />
    </div>
  </div>
</div>
`;
