// Jest Snapshot v1, https://goo.gl/fbAQLP

exports[`test <TodoList/> debe de mostrar correctamente <TodoList/> 1`] = `
<ul
  className="list-group list-group-flush"
>
  <TodoListItem
    handelDelete={[MockFunction]}
    handelToggle={[MockFunction]}
    index={0}
    key="1"
    todo={
      Object {
        "desc": "aprender react",
        "done": false,
        "id": 1,
      }
    }
  />
  <TodoListItem
    handelDelete={[MockFunction]}
    handelToggle={[MockFunction]}
    index={1}
    key="2"
    todo={
      Object {
        "desc": "aprender mongo",
        "done": false,
        "id": 2,
      }
    }
  />
</ul>
`;
