// Jest Snapshot v1, https://goo.gl/fbAQLP

exports[`test TodoListItem.js debe de mostrar correctamente 1`] = `
<li
  className="list-group-item"
  key="1"
>
  <p
    className="false "
    onClick={[Function]}
  >
    1
    . 
    aprender react
  </p>
  <button
    className="btn btn-danger"
    onClick={[Function]}
  >
    delete
  </button>
</li>
`;
