// Jest Snapshot v1, https://goo.gl/fbAQLP

exports[`test MultipleCustomHooks.js debe de mostrat correctamente 1`] = `
<div>
  <h1>
    Breaking Bad || Custom Hooks!!! 
  </h1>
  <hr />
  <div
    className="alert alert-info text-center"
  >
    loading...
  </div>
  <button
    className="btn btn-info"
    onClick={[Function]}
  >
    Next Quote
  </button>
</div>
`;
