// Jest Snapshot v1, https://goo.gl/fbAQLP

exports[`test HomeScreen.js debe de mostrar correctamente <HomeScreen.js/> 1`] = `
<div>
  <h1>
    HomeScreen
  </h1>
  <hr />
  <pre>
    {
   "name": "Gabriel",
   "email": "gmorale@gmail.com"
}
  </pre>
</div>
`;
