// Jest Snapshot v1, https://goo.gl/fbAQLP

exports[`test LoginScreen debe de mostrar correctamente <LoginScreen/> 1`] = `
<div>
  <h1>
    LoginScreen
  </h1>
  <hr />
  <button
    className="btn btn-info"
    onClick={[Function]}
  >
    Login
  </button>
</div>
`;
