// Jest Snapshot v1, https://goo.gl/fbAQLP

exports[`Test HooksApp.js mostrar <HooksApp/> 1`] = `
<div>
  <h1>
    Hello word
  </h1>
</div>
`;
